
> forumo@0.1.0 build C:\Users\ABADO\Desktop\forumo2\forumo2
> turbo run build

turbo 2.6.1

ÔÇó Packages in scope: @forumo/config, @forumo/design-system, @forumo/mobile, @forumo/shared, backend, web
ÔÇó Running build in 6 packages
ÔÇó Remote caching disabled
backend:build: cache bypass, force executing 6d9f99cd59ee4386
web:build: cache bypass, force executing 7206bc7cf1446bda
backend:build: 
backend:build: > backend@0.1.0 build C:\Users\ABADO\Desktop\forumo2\forumo2\apps\backend
backend:build: > tsc -p tsconfig.build.json
backend:build: 
web:build: 
web:build: > web@0.1.0 build C:\Users\ABADO\Desktop\forumo2\forumo2\apps\web
web:build: > next build
web:build: 
web:build:  ÔÜá Warning: Next.js inferred your workspace root, but it may not be correct.
web:build:  We detected multiple lockfiles and selected the directory of C:\Users\ABADO\package-lock.json as the root directory.
web:build:  To silence this warning, set `outputFileTracingRoot` in your Next.js config, or consider removing one of the lockfiles if it's not needed.
web:build:    See https://nextjs.org/docs/app/api-reference/config/next-config-js/output#caveats for more information.
web:build:  Detected additional lockfiles: 
web:build:    * C:\Users\ABADO\Desktop\forumo2\forumo2\pnpm-lock.yaml
web:build: 
web:build:    Ôû▓ Next.js 15.5.6
web:build:    - Environments: .env
web:build:    - Experiments (use with caution):
web:build:      Ô£ô optimizeCss
web:build: 
web:build:    Creating an optimized production build ...
backend:build: src/modules/listings/search.service.ts(95,29): error TS2352: Conversion of type '({ seller: { id: string; createdAt: Date; updatedAt: Date; deletedAt: Date | null; name: string; email: string; passwordHash: string; phone: string | null; avatarUrl: string | null; ... 4 more ...; lastLoginAt: Date | null; }; ... 10 more ...; _count: { ...; }; } & { ...; })[]' to type 'ListingWithRelations[]' may be a mistake because neither type sufficiently overlaps with the other. If this was intentional, convert the expression to 'unknown' first.
backend:build:   Type '{ seller: { id: string; createdAt: Date; updatedAt: Date; deletedAt: Date | null; name: string; email: string; passwordHash: string; phone: string | null; avatarUrl: string | null; ... 4 more ...; lastLoginAt: Date | null; }; ... 10 more ...; _count: { ...; }; } & { ...; }' is not comparable to type 'ListingWithRelations'.
backend:build:     Type '{ seller: { id: string; createdAt: Date; updatedAt: Date; deletedAt: Date | null; name: string; email: string; passwordHash: string; phone: string | null; avatarUrl: string | null; ... 4 more ...; lastLoginAt: Date | null; }; ... 10 more ...; _count: { ...; }; } & { ...; }' is not comparable to type 'SafeListing'.
backend:build:       Types of property 'createdAt' are incompatible.
backend:build:         Type 'Date' is not comparable to type 'string'.
backend:build: src/modules/listings/search.service.ts(145,22): error TS2352: Conversion of type '({ seller: { id: string; createdAt: Date; updatedAt: Date; deletedAt: Date | null; name: string; email: string; passwordHash: string; phone: string | null; avatarUrl: string | null; ... 4 more ...; lastLoginAt: Date | null; }; ... 10 more ...; _count: { ...; }; } & { ...; })[]' to type 'ListingWithRelations[]' may be a mistake because neither type sufficiently overlaps with the other. If this was intentional, convert the expression to 'unknown' first.
backend:build:   Type '{ seller: { id: string; createdAt: Date; updatedAt: Date; deletedAt: Date | null; name: string; email: string; passwordHash: string; phone: string | null; avatarUrl: string | null; ... 4 more ...; lastLoginAt: Date | null; }; ... 10 more ...; _count: { ...; }; } & { ...; }' is not comparable to type 'ListingWithRelations'.
backend:build:     Type '{ seller: { id: string; createdAt: Date; updatedAt: Date; deletedAt: Date | null; name: string; email: string; passwordHash: string; phone: string | null; avatarUrl: string | null; ... 4 more ...; lastLoginAt: Date | null; }; ... 10 more ...; _count: { ...; }; } & { ...; }' is not comparable to type 'SafeListing'.
backend:build:       Types of property 'createdAt' are incompatible.
backend:build:         Type 'Date' is not comparable to type 'string'.
backend:build: ÔÇëELIFECYCLEÔÇë Command failed with exit code 2.
backend:build: ERROR: command finished with error: command (C:\Users\ABADO\Desktop\forumo2\forumo2\apps\backend) C:\Users\ABADO\AppData\Local\pnpm\.tools\@pnpm+win-x64\9.1.4\bin\pnpm.CMD run build exited (2)
backend#build: command (C:\Users\ABADO\Desktop\forumo2\forumo2\apps\backend) C:\Users\ABADO\AppData\Local\pnpm\.tools\@pnpm+win-x64\9.1.4\bin\pnpm.CMD run build exited (2)

 Tasks:    0 successful, 2 total
Cached:    0 cached, 2 total
  Time:    11.595s 
Failed:    backend#build

 ERROR  run failed: command  exited (2)
ÔÇëELIFECYCLEÔÇë Command failed with exit code 2.
